// Jest Snapshot v1, https://goo.gl/fbAQLP

exports[`getIEAChartData() should return yearly iea values 1`] = `
[
  {
    "iea": [
      34254,
      34254,
    ],
    "year": 2014,
  },
  {
    "iea": [
      33614,
      33928,
    ],
    "year": 2015,
  },
  {
    "iea": [
      32974,
      33602,
    ],
    "year": 2016,
  },
  {
    "iea": [
      32335,
      33277,
    ],
    "year": 2017,
  },
  {
    "iea": [
      31695,
      32951,
    ],
    "year": 2018,
  },
  {
    "iea": [
      31055,
      32626,
    ],
    "year": 2019,
  },
  {
    "iea": [
      30416,
      32300,
    ],
    "year": 2020,
  },
  {
    "iea": [
      29776,
      31974,
    ],
    "year": 2021,
  },
  {
    "iea": [
      29137,
      31649,
    ],
    "year": 2022,
  },
  {
    "iea": [
      28497,
      31323,
    ],
    "year": 2023,
  },
  {
    "iea": [
      27857,
      30998,
    ],
    "year": 2024,
  },
  {
    "iea": [
      27218,
      30672,
    ],
    "year": 2025,
  },
  {
    "iea": [
      26199,
      29811,
    ],
    "year": 2026,
  },
  {
    "iea": [
      25181,
      28949,
    ],
    "year": 2027,
  },
  {
    "iea": [
      24162,
      28088,
    ],
    "year": 2028,
  },
  {
    "iea": [
      23144,
      27226,
    ],
    "year": 2029,
  },
  {
    "iea": [
      22125,
      26365,
    ],
    "year": 2030,
  },
  {
    "iea": [
      21127,
      25529,
    ],
    "year": 2031,
  },
  {
    "iea": [
      20128,
      24693,
    ],
    "year": 2032,
  },
  {
    "iea": [
      19130,
      23857,
    ],
    "year": 2033,
  },
  {
    "iea": [
      18132,
      23022,
    ],
    "year": 2034,
  },
  {
    "iea": [
      17134,
      22186,
    ],
    "year": 2035,
  },
  {
    "iea": [
      16171,
      21510,
    ],
    "year": 2036,
  },
  {
    "iea": [
      15207,
      20835,
    ],
    "year": 2037,
  },
  {
    "iea": [
      14244,
      20159,
    ],
    "year": 2038,
  },
  {
    "iea": [
      13280,
      19483,
    ],
    "year": 2039,
  },
  {
    "iea": [
      12317,
      18808,
    ],
    "year": 2040,
  },
  {
    "iea": [
      11468,
      18176,
    ],
    "year": 2041,
  },
  {
    "iea": [
      10618,
      17543,
    ],
    "year": 2042,
  },
  {
    "iea": [
      9769,
      16911,
    ],
    "year": 2043,
  },
  {
    "iea": [
      8920,
      16278,
    ],
    "year": 2044,
  },
  {
    "iea": [
      8071,
      15646,
    ],
    "year": 2045,
  },
  {
    "iea": [
      7408,
      15184,
    ],
    "year": 2046,
  },
  {
    "iea": [
      6745,
      14722,
    ],
    "year": 2047,
  },
  {
    "iea": [
      6081,
      14260,
    ],
    "year": 2048,
  },
  {
    "iea": [
      5418,
      13799,
    ],
    "year": 2049,
  },
  {
    "iea": [
      4755,
      13337,
    ],
    "year": 2050,
  },
  {
    "iea": [
      4168,
      12880,
    ],
    "year": 2051,
  },
  {
    "iea": [
      3580,
      12422,
    ],
    "year": 2052,
  },
  {
    "iea": [
      2993,
      11965,
    ],
    "year": 2053,
  },
  {
    "iea": [
      2405,
      11507,
    ],
    "year": 2054,
  },
  {
    "iea": [
      1818,
      11050,
    ],
    "year": 2055,
  },
]
`;
